2026-05-12 14:23:45 | INFO     | root                 | logging_config.py:105  | setup_logging        | ============================================================
2026-05-12 14:23:45 | INFO     | root                 | logging_config.py:106  | setup_logging        | Logging system initialized
2026-05-12 14:23:45 | INFO     | root                 | logging_config.py:107  | setup_logging        | Log directory: /Users/vitalijloznicenko/Documents/3 курс/методы программирования/courses_catalog/logs
2026-05-12 14:23:45 | INFO     | root                 | logging_config.py:108  | setup_logging        | Console handler: Enabled
2026-05-12 14:23:45 | INFO     | root                 | logging_config.py:109  | setup_logging        | Rotating file handler: /Users/vitalijloznicenko/Documents/3 курс/методы программирования/courses_catalog/logs/app_rotating.log
2026-05-12 14:23:45 | INFO     | root                 | logging_config.py:110  | setup_logging        | Timed file handler: /Users/vitalijloznicenko/Documents/3 курс/методы программирования/courses_catalog/logs/app_daily.log
2026-05-12 14:23:45 | INFO     | root                 | logging_config.py:111  | setup_logging        | Error file handler: /Users/vitalijloznicenko/Documents/3 курс/методы программирования/courses_catalog/logs/errors.log
2026-05-12 14:23:45 | INFO     | root                 | logging_config.py:112  | setup_logging        | Warning file handler: /Users/vitalijloznicenko/Documents/3 курс/методы программирования/courses_catalog/logs/warnings.log
2026-05-12 14:23:45 | INFO     | root                 | logging_config.py:113  | setup_logging        | ============================================================
2026-05-12 14:23:45 | INFO     | root                 | logging_config.py:105  | setup_logging        | ============================================================
2026-05-12 14:23:45 | INFO     | root                 | logging_config.py:106  | setup_logging        | Logging system initialized
2026-05-12 14:23:45 | INFO     | root                 | logging_config.py:107  | setup_logging        | Log directory: /Users/vitalijloznicenko/Documents/3 курс/методы программирования/courses_catalog/logs
2026-05-12 14:23:45 | INFO     | root                 | logging_config.py:108  | setup_logging        | Console handler: Enabled
2026-05-12 14:23:45 | INFO     | root                 | logging_config.py:109  | setup_logging        | Rotating file handler: /Users/vitalijloznicenko/Documents/3 курс/методы программирования/courses_catalog/logs/app_rotating.log
2026-05-12 14:23:45 | INFO     | root                 | logging_config.py:110  | setup_logging        | Timed file handler: /Users/vitalijloznicenko/Documents/3 курс/методы программирования/courses_catalog/logs/app_daily.log
2026-05-12 14:23:45 | INFO     | root                 | logging_config.py:111  | setup_logging        | Error file handler: /Users/vitalijloznicenko/Documents/3 курс/методы программирования/courses_catalog/logs/errors.log
2026-05-12 14:23:45 | INFO     | root                 | logging_config.py:112  | setup_logging        | Warning file handler: /Users/vitalijloznicenko/Documents/3 курс/методы программирования/courses_catalog/logs/warnings.log
2026-05-12 14:23:45 | INFO     | root                 | logging_config.py:113  | setup_logging        | ============================================================
2026-05-12 14:23:46 | INFO     | root                 | logging_config.py:105  | setup_logging        | ============================================================
2026-05-12 14:23:46 | INFO     | root                 | logging_config.py:106  | setup_logging        | Logging system initialized
2026-05-12 14:23:46 | INFO     | root                 | logging_config.py:107  | setup_logging        | Log directory: /Users/vitalijloznicenko/Documents/3 курс/методы программирования/courses_catalog/logs
2026-05-12 14:23:46 | INFO     | root                 | logging_config.py:108  | setup_logging        | Console handler: Enabled
2026-05-12 14:23:46 | INFO     | root                 | logging_config.py:109  | setup_logging        | Rotating file handler: /Users/vitalijloznicenko/Documents/3 курс/методы программирования/courses_catalog/logs/app_rotating.log
2026-05-12 14:23:46 | INFO     | root                 | logging_config.py:110  | setup_logging        | Timed file handler: /Users/vitalijloznicenko/Documents/3 курс/методы программирования/courses_catalog/logs/app_daily.log
2026-05-12 14:23:46 | INFO     | root                 | logging_config.py:111  | setup_logging        | Error file handler: /Users/vitalijloznicenko/Documents/3 курс/методы программирования/courses_catalog/logs/errors.log
2026-05-12 14:23:46 | INFO     | root                 | logging_config.py:112  | setup_logging        | Warning file handler: /Users/vitalijloznicenko/Documents/3 курс/методы программирования/courses_catalog/logs/warnings.log
2026-05-12 14:23:46 | INFO     | root                 | logging_config.py:113  | setup_logging        | ============================================================
2026-05-12 11:23:46 | INFO     | root                 | logging_config.py:105  | setup_logging        | ============================================================
2026-05-12 11:23:46 | INFO     | root                 | logging_config.py:106  | setup_logging        | Logging system initialized
2026-05-12 11:23:46 | INFO     | root                 | logging_config.py:107  | setup_logging        | Log directory: /Users/vitalijloznicenko/Documents/3 курс/методы программирования/courses_catalog/logs
2026-05-12 11:23:46 | INFO     | root                 | logging_config.py:108  | setup_logging        | Console handler: Enabled
2026-05-12 11:23:46 | INFO     | root                 | logging_config.py:109  | setup_logging        | Rotating file handler: /Users/vitalijloznicenko/Documents/3 курс/методы программирования/courses_catalog/logs/app_rotating.log
2026-05-12 11:23:46 | INFO     | root                 | logging_config.py:110  | setup_logging        | Timed file handler: /Users/vitalijloznicenko/Documents/3 курс/методы программирования/courses_catalog/logs/app_daily.log
2026-05-12 11:23:46 | INFO     | root                 | logging_config.py:111  | setup_logging        | Error file handler: /Users/vitalijloznicenko/Documents/3 курс/методы программирования/courses_catalog/logs/errors.log
2026-05-12 11:23:46 | INFO     | root                 | logging_config.py:112  | setup_logging        | Warning file handler: /Users/vitalijloznicenko/Documents/3 курс/методы программирования/courses_catalog/logs/warnings.log
2026-05-12 11:23:46 | INFO     | root                 | logging_config.py:113  | setup_logging        | ============================================================
2026-05-12 11:23:46 | INFO     | django.utils.autoreload | autoreload.py:681  | run_with_reloader    | Watching for file changes with StatReloader
2026-05-12 11:25:24 | WARNING  | django.request       | log.py:249  | log_message          | Not Found: /apple-touch-icon-precomposed.png
2026-05-12 11:25:24 | WARNING  | django.request       | log.py:249  | log_message          | Not Found: /apple-touch-icon.png
2026-05-12 11:25:24 | WARNING  | django.request       | log.py:249  | log_message          | Not Found: /favicon.ico
2026-05-12 14:25:43 | INFO     | root                 | logging_config.py:105  | setup_logging        | ============================================================
2026-05-12 14:25:43 | INFO     | root                 | logging_config.py:106  | setup_logging        | Logging system initialized
2026-05-12 14:25:43 | INFO     | root                 | logging_config.py:107  | setup_logging        | Log directory: /Users/vitalijloznicenko/Documents/3 курс/методы программирования/courses_catalog/logs
2026-05-12 14:25:43 | INFO     | root                 | logging_config.py:108  | setup_logging        | Console handler: Enabled
2026-05-12 14:25:43 | INFO     | root                 | logging_config.py:109  | setup_logging        | Rotating file handler: /Users/vitalijloznicenko/Documents/3 курс/методы программирования/courses_catalog/logs/app_rotating.log
2026-05-12 14:25:43 | INFO     | root                 | logging_config.py:110  | setup_logging        | Timed file handler: /Users/vitalijloznicenko/Documents/3 курс/методы программирования/courses_catalog/logs/app_daily.log
2026-05-12 14:25:43 | INFO     | root                 | logging_config.py:111  | setup_logging        | Error file handler: /Users/vitalijloznicenko/Documents/3 курс/методы программирования/courses_catalog/logs/errors.log
2026-05-12 14:25:43 | INFO     | root                 | logging_config.py:112  | setup_logging        | Warning file handler: /Users/vitalijloznicenko/Documents/3 курс/методы программирования/courses_catalog/logs/warnings.log
2026-05-12 14:25:43 | INFO     | root                 | logging_config.py:113  | setup_logging        | ============================================================
2026-05-12 11:25:44 | INFO     | users.views          | views.py:150  | add_friend           | User 'djangotest' added 'friend' as friend
2026-05-12 11:25:44 | INFO     | users.views          | views.py:71   | dispatch             | User 'djangotest' viewed friend 'friend' profile
2026-05-12 11:25:44 | INFO     | users.auth_views     | auth_views.py:19   | form_valid           | User 'djangotest' successfully logged in
2026-05-12 11:25:45 | INFO     | users.auth_views     | auth_views.py:39   | dispatch             | User 'djangotest' logged out
2026-05-12 11:25:45 | WARNING  | users.views          | views.py:48   | form_invalid         | Failed registration attempt. Errors: {"username": [{"message": "This field is required.", "code": "required"}], "email": [{"message": "Enter a valid email address.", "code": "invalid"}], "first_name": [{"message": "This field is required.", "code": "required"}], "last_name": [{"message": "This field is required.", "code": "required"}], "password2": [{"message": "The two password fields didn\u2019t match.", "code": "password_mismatch"}]}
2026-05-12 11:25:45 | INFO     | users.forms          | forms.py:123  | save                 | New user created: newdjango
2026-05-12 11:25:45 | INFO     | users.views          | views.py:40   | form_valid           | User 'newdjango' (email: newdjango@example.com) successfully registered
2026-05-12 11:25:46 | WARNING  | users.views          | views.py:75   | dispatch             | User 'djangotest' attempted to view restricted profile of 'stranger'
2026-05-12 11:25:46 | WARNING  | users.views          | views.py:183  | custom_403           | 403 Forbidden for user 'Test Django' accessing /users/2/
2026-05-12 11:25:46 | WARNING  | django.request       | log.py:249  | log_message          | Forbidden (Permission denied): /users/2/
Traceback (most recent call last):
  File "/Users/vitalijloznicenko/Documents/3 курс/методы программирования/.venv/lib/python3.14/site-packages/django/core/handlers/exception.py", line 55, in inner
    response = get_response(request)
  File "/Users/vitalijloznicenko/Documents/3 курс/методы программирования/.venv/lib/python3.14/site-packages/django/core/handlers/base.py", line 198, in _get_response
    response = wrapped_callback(request, *callback_args, **callback_kwargs)
  File "/Users/vitalijloznicenko/Documents/3 курс/методы программирования/.venv/lib/python3.14/site-packages/django/views/generic/base.py", line 106, in view
    return self.dispatch(request, *args, **kwargs)
           ~~~~~~~~~~~~~^^^^^^^^^^^^^^^^^^^^^^^^^^
  File "/Users/vitalijloznicenko/Documents/3 курс/методы программирования/courses_catalog/users/views.py", line 78, in dispatch
    raise PermissionDenied('Вы не можете просматривать профиль этого пользователя.')
django.core.exceptions.PermissionDenied: Вы не можете просматривать профиль этого пользователя.
2026-05-12 11:25:46 | INFO     | users.forms          | forms.py:123  | save                 | New user created: newuser
2026-05-12 11:25:46 | WARNING  | users.forms          | forms.py:109  | clean_email          | Registration attempt with existing email: newuser@example.com
2026-05-12 11:25:46 | INFO     | users.forms          | forms.py:123  | save                 | New user created: testuser
2026-05-12 11:25:46 | INFO     | users.forms          | forms.py:123  | save                 | New user created: testuser_5-67
2026-05-12 11:25:47 | INFO     | users.forms          | forms.py:123  | save                 | New user created: testuser_4567
2026-05-12 11:25:47 | INFO     | users.forms          | forms.py:123  | save                 | New user created: testuser_4567
2026-05-12 11:25:47 | INFO     | users.forms          | forms.py:123  | save                 | New user created: testuser_4567
2026-05-12 11:25:48 | INFO     | users.forms          | forms.py:123  | save                 | New user created: newuser
2026-05-12 11:25:48 | INFO     | users.views          | views.py:40   | form_valid           | User 'newuser' (email: newuser@example.com) successfully registered
2026-05-12 11:25:48 | INFO     | users.forms          | forms.py:123  | save                 | New user created: newuser2
2026-05-12 11:25:48 | INFO     | users.views          | views.py:40   | form_valid           | User 'newuser2' (email: newuser2@example.com) successfully registered
2026-05-12 11:25:48 | WARNING  | users.views          | views.py:48   | form_invalid         | Failed registration attempt. Errors: {"username": [{"message": "This field is required.", "code": "required"}]}
2026-05-12 11:25:48 | WARNING  | users.views          | views.py:48   | form_invalid         | Failed registration attempt. Errors: {"email": [{"message": "This field is required.", "code": "required"}]}
2026-05-12 11:25:48 | WARNING  | users.views          | views.py:48   | form_invalid         | Failed registration attempt. Errors: {"first_name": [{"message": "This field is required.", "code": "required"}]}
2026-05-12 11:25:48 | WARNING  | users.views          | views.py:48   | form_invalid         | Failed registration attempt. Errors: {"last_name": [{"message": "This field is required.", "code": "required"}]}
2026-05-12 11:25:48 | WARNING  | users.views          | views.py:48   | form_invalid         | Failed registration attempt. Errors: {"password1": [{"message": "This field is required.", "code": "required"}]}
2026-05-12 11:25:48 | WARNING  | users.views          | views.py:48   | form_invalid         | Failed registration attempt. Errors: {"password2": [{"message": "This field is required.", "code": "required"}]}
2026-05-12 11:25:48 | INFO     | users.auth_views     | auth_views.py:19   | form_valid           | User 'testuser' successfully logged in
2026-05-12 11:25:49 | WARNING  | users.auth_views     | auth_views.py:26   | form_invalid         | Failed login attempt for user 'testuser'
2026-05-12 11:25:49 | INFO     | users.auth_views     | auth_views.py:39   | dispatch             | User 'testuser' logged out
2026-05-12 11:25:50 | INFO     | users.views          | views.py:100  | form_valid           | User 'testuser' updated their profile
2026-05-12 11:25:51 | INFO     | users.views          | views.py:71   | dispatch             | User 'testuser' viewed friend 'testuser2' profile
2026-05-12 11:25:51 | WARNING  | users.views          | views.py:75   | dispatch             | User 'testuser' attempted to view restricted profile of 'testuser2'
2026-05-12 11:25:51 | WARNING  | users.views          | views.py:183  | custom_403           | 403 Forbidden for user 'Петров Иван' accessing /users/2/
2026-05-12 11:25:51 | WARNING  | django.request       | log.py:249  | log_message          | Forbidden (Permission denied): /users/2/
Traceback (most recent call last):
  File "/Users/vitalijloznicenko/Documents/3 курс/методы программирования/.venv/lib/python3.14/site-packages/django/core/handlers/exception.py", line 55, in inner
    response = get_response(request)
  File "/Users/vitalijloznicenko/Documents/3 курс/методы программирования/.venv/lib/python3.14/site-packages/django/core/handlers/base.py", line 198, in _get_response
    response = wrapped_callback(request, *callback_args, **callback_kwargs)
  File "/Users/vitalijloznicenko/Documents/3 курс/методы программирования/.venv/lib/python3.14/site-packages/django/views/generic/base.py", line 106, in view
    return self.dispatch(request, *args, **kwargs)
           ~~~~~~~~~~~~~^^^^^^^^^^^^^^^^^^^^^^^^^^
  File "/Users/vitalijloznicenko/Documents/3 курс/методы программирования/courses_catalog/users/views.py", line 78, in dispatch
    raise PermissionDenied('Вы не можете просматривать профиль этого пользователя.')
django.core.exceptions.PermissionDenied: Вы не можете просматривать профиль этого пользователя.
2026-05-12 11:25:51 | INFO     | users.views          | views.py:150  | add_friend           | User 'testuser' added 'testuser2' as friend
2026-05-12 11:25:52 | INFO     | users.views          | views.py:165  | remove_friend        | User 'testuser' removed 'testuser2' from friends
2026-05-12 11:25:52 | WARNING  | users.views          | views.py:140  | add_friend           | User 'testuser' tried to add themselves as friend
